<!doctype html>
<html lang="en">
<head>
    <meta charset="UTF-8">
    <meta name="viewport" content="width=device-width, initial-scale=1.0">
    <title>TEST - Main page</title>
</head>
<body>
    <header class="header">
    Hello World
</header>
    <p>Main page content</p>

<footer class="footer">
        <p>&copy; Виктор Виктор 2017</p>
</footer>
</body>
</html>